> Task :app:checkKotlinGradlePluginConfigurationErrors
> Task :app:preBuild UP-TO-DATE
> Task :app:preDebugBuild UP-TO-DATE
> Task :app:generateDebugBuildConfig UP-TO-DATE
> Task :app:checkDebugAarMetadata UP-TO-DATE
> Task :app:processDebugNavigationResources UP-TO-DATE
> Task :app:compileDebugNavigationResources UP-TO-DATE
> Task :app:generateDebugResValues UP-TO-DATE
> Task :app:processDebugGoogleServices UP-TO-DATE
> Task :app:mapDebugSourceSetPaths UP-TO-DATE
> Task :app:generateDebugResources UP-TO-DATE
> Task :app:mergeDebugResources UP-TO-DATE
> Task :app:packageDebugResources UP-TO-DATE
> Task :app:parseDebugLocalResources UP-TO-DATE
> Task :app:createDebugCompatibleScreenManifests UP-TO-DATE
> Task :app:extractDeepLinksDebug UP-TO-DATE
> Task :app:processDebugMainManifest UP-TO-DATE
> Task :app:processDebugManifest UP-TO-DATE
> Task :app:processDebugManifestForPackage UP-TO-DATE
> Task :app:processDebugResources UP-TO-DATE
> Task :app:kspDebugKotlin UP-TO-DATE

> Task :app:compileDebugKotlin FAILED
.\gradlew.bat : e: file:///C:/coding/Pyera/app/src/ma
in/java/com/pyera/app/data/repository/BudgetRepositor
yImpl.kt:196:43 Unresolved reference: 
getTransactionsBetweenDates
At line:1 char:1
+ .\gradlew.bat compileDebugKotlin 2>&1 | Out-File 
-FilePath "build_err ...
+ ~~~~~~~~~~~~~~~~~~~~~~~~~~~~~~~~~~~~~
    + CategoryInfo          : NotSpecified: (e: file 
   :///C:/c...onsBetweenDates:String) [], RemoteExc  
  eption
    + FullyQualifiedErrorId : NativeCommandError
 
e: file:///C:/coding/Pyera/app/src/main/java/com/pyer
a/app/data/repository/BudgetRepositoryImpl.kt:198:23 
Unresolved reference: it
e: file:///C:/coding/Pyera/app/src/main/java/com/pyer
a/app/data/repository/BudgetRepositoryImpl.kt:198:54 
Unresolved reference: it
e: file:///C:/coding/Pyera/app/src/main/java/com/pyer
a/app/data/repository/BudgetRepositoryImpl.kt:199:22 
Unresolved reference: it
e: file:///C:/coding/Pyera/app/src/main/java/com/pyer
a/app/data/repository/ChatRepositoryImpl.kt:42:40 
Unresolved reference: BuildConfig
e: file:///C:/coding/Pyera/app/src/main/java/com/pyer
a/app/data/repository/GoogleAuthHelper.kt:28:45 
Unresolved reference: R
e: file:///C:/coding/Pyera/app/src/main/java/com/pyer
a/app/ui/auth/LoginScreen.kt:82:22 Unresolved 
reference: R
e: file:///C:/coding/Pyera/app/src/main/java/com/pyer
a/app/ui/auth/LoginScreen.kt:160:58 Unresolved 
reference: R
e: file:///C:/coding/Pyera/app/src/main/java/com/pyer
a/app/ui/auth/LoginScreen.kt:485:44 Unresolved 
reference: R
e: file:///C:/coding/Pyera/app/src/main/java/com/pyer
a/app/ui/auth/RegisterScreen.kt:135:58 Unresolved 
reference: R
e: file:///C:/coding/Pyera/app/src/main/java/com/pyer
a/app/ui/budget/BudgetListScreen.kt:516:37 
Unresolved reference: ErrorContainer
e: file:///C:/coding/Pyera/app/src/main/java/com/pyer
a/app/ui/budget/BudgetProgressCard.kt:72:49 
Unresolved reference: clickable
e: file:///C:/coding/Pyera/app/src/main/java/com/pyer
a/app/ui/budget/BudgetProgressCard.kt:123:33 
Unresolved reference: Arrangement
e: file:///C:/coding/Pyera/app/src/main/java/com/pyer
a/app/ui/budget/BudgetProgressCard.kt:245:33 
Unresolved reference: Arrangement
e: file:///C:/coding/Pyera/app/src/main/java/com/pyer
a/app/ui/budget/BudgetProgressCard.kt:345:49 
Unresolved reference: clickable
e: file:///C:/coding/Pyera/app/src/main/java/com/pyer
a/app/ui/budget/BudgetProgressCard.kt:488:17 Cannot 
find a parameter with this name: status
e: file:///C:/coding/Pyera/app/src/main/java/com/pyer
a/app/ui/budget/BudgetScreen.kt:38:28 Unresolved 
reference: state
e: file:///C:/coding/Pyera/app/src/main/java/com/pyer
a/app/ui/budget/BudgetScreen.kt:46:27 Unresolved 
reference: setBudget
e: file:///C:/coding/Pyera/app/src/main/java/com/pyer
a/app/ui/budget/BudgetScreen.kt:80:32 Type mismatch: 
inferred type is Int but BudgetItem was expected
e: file:///C:/coding/Pyera/app/src/main/java/com/pyer
a/app/ui/budget/BudgetScreen.kt:81:59 Type mismatch: 
inferred type is Int but BudgetItem? was expected
e: file:///C:/coding/Pyera/app/src/main/java/com/pyer
a/app/ui/budget/CreateBudgetScreen.kt:226:17 
Unresolved reference: expenseCategories
e: file:///C:/coding/Pyera/app/src/main/java/com/pyer
a/app/ui/budget/CreateBudgetScreen.kt:279:25 
Unresolved reference: expenseCategories
e: file:///C:/coding/Pyera/app/src/main/java/com/pyer
a/app/ui/budget/CreateBudgetScreen.kt:279:43 
Overload resolution ambiguity: 
public inline fun <T> 
Iterable<TypeVariable(T)>.forEach(action: 
(TypeVariable(T)) -> Unit): Unit defined in 
kotlin.collections
public inline fun <K, V> Map<out TypeVariable(K), 
TypeVariable(V)>.forEach(action: 
(Map.Entry<TypeVariable(K), TypeVariable(V)>) -> 
Unit): Unit defined in kotlin.collections
e: file:///C:/coding/Pyera/app/src/main/java/com/pyer
a/app/ui/budget/CreateBudgetScreen.kt:279:53 Cannot 
infer a type for this parameter. Please specify it 
explicitly.
e: file:///C:/coding/Pyera/app/src/main/java/com/pyer
a/app/ui/budget/CreateBudgetScreen.kt:280:29 
@Composable invocations can only happen from the 
context of a @Composable function
e: file:///C:/coding/Pyera/app/src/main/java/com/pyer
a/app/ui/onboarding/OnboardingScreen.kt:92:86 
Unresolved reference: R
e: file:///C:/coding/Pyera/app/src/main/java/com/pyer
a/app/ui/profile/ProfileViewModel.kt:60:42 Not 
enough information to infer type variable T3
e: file:///C:/coding/Pyera/app/src/main/java/com/pyer
a/app/ui/profile/ProfileViewModel.kt:63:26 
Unresolved reference: getBudgetsForPeriod
e: file:///C:/coding/Pyera/app/src/main/java/com/pyer
a/app/ui/profile/ProfileViewModel.kt:65:37 Cannot 
infer a type for this parameter. Please specify it 
explicitly.
e: file:///C:/coding/Pyera/app/src/main/java/com/pyer
a/app/ui/theme/Type.kt:9:22 Unresolved reference: R
e: file:///C:/coding/Pyera/app/src/main/java/com/pyer
a/app/ui/theme/Type.kt:13:10 Unresolved reference: R
e: file:///C:/coding/Pyera/app/src/main/java/com/pyer
a/app/ui/theme/Type.kt:18:10 Unresolved reference: R
e: file:///C:/coding/Pyera/app/src/main/java/com/pyer
a/app/ui/theme/Type.kt:19:10 Unresolved reference: R
e: file:///C:/coding/Pyera/app/src/main/java/com/pyer
a/app/ui/theme/Type.kt:20:10 Unresolved reference: R
e: file:///C:/coding/Pyera/app/src/main/java/com/pyer
a/app/ui/theme/Type.kt:21:10 Unresolved reference: R
e: file:///C:/coding/Pyera/app/src/main/java/com/pyer
a/app/ui/theme/Type.kt:22:10 Unresolved reference: R
e: file:///C:/coding/Pyera/app/src/main/java/com/pyer
a/app/ui/theme/Type.kt:23:10 Unresolved reference: R
e: file:///C:/coding/Pyera/app/src/main/java/com/pyer
a/app/ui/theme/Type.kt:24:10 Unresolved reference: R
e: file:///C:/coding/Pyera/app/src/main/java/com/pyer
a/app/ui/theme/Type.kt:25:10 Unresolved reference: R
e: file:///C:/coding/Pyera/app/src/main/java/com/pyer
a/app/ui/theme/Type.kt:26:10 Unresolved reference: R
e: file:///C:/coding/Pyera/app/src/main/java/com/pyer
a/app/ui/welcome/WelcomeScreen.kt:32:22 Unresolved 
reference: R
e: file:///C:/coding/Pyera/app/src/main/java/com/pyer
a/app/ui/welcome/WelcomeScreen.kt:52:48 Unresolved 
reference: R

[Incubating] Problems report is available at: file:///C:/coding/Pyera/build/reports/problems/problems-report.html

FAILURE: Build failed with an exception.

* What went wrong:
Execution failed for task ':app:compileDebugKotlin'.
> A failure occurred while executing org.jetbrains.ko
tlin.compilerRunner.GradleCompilerRunnerWithWorkers$G
radleKotlinCompilerWorkAction
   > Compilation error. See log for more details

* Try:
> Run with --stacktrace option to get the stack 
trace.
> Run with --info or --debug option to get more log 
output.
> Run with --scan to get full insights.
> Get more help at https://help.gradle.org.

Deprecated Gradle features were used in this build, making it incompatible with Gradle 10.0.

You can use '--warning-mode all' to show the individual deprecation warnings and determine if they come from your own scripts or plugins.

For more on this, please refer to https://docs.gradle.org/9.0-milestone-1/userguide/command_line_interface.html#sec:command_line_warnings in the Gradle documentation.

BUILD FAILED in 8s
20 actionable tasks: 2 executed, 18 up-to-date
